// Jest Snapshot v1, https://goo.gl/fbAQLP

exports[`should render with no errors 1`] = `
.c3 {
  position: absolute;
  border-radius: 4px;
  top: 0;
  left: 0;
  width: 16px;
  height: 16px;
  background-color: #fff;
  -webkit-transition: background-color 0.2s ease;
  transition: background-color 0.2s ease;
  border: 1px solid #E4E7EB;
}

.c3:after {
  content: '';
  position: absolute;
  display: none;
  left: 5px;
  top: 2px;
  width: 5px;
  height: 9px;
  border: solid white;
  border-width: 0 2px 2px 0;
  -webkit-transform: rotate(45deg);
  -ms-transform: rotate(45deg);
  transform: rotate(45deg);
}

.c3:hover {
  background-color: #F5F7FA;
}

.c0 {
  display: -webkit-inline-box;
  display: -webkit-inline-flex;
  display: -ms-inline-flexbox;
  display: inline-flex;
  height: 16px;
  -webkit-align-items: center;
  -webkit-box-align: center;
  -ms-flex-align: center;
  align-items: center;
  position: relative;
  padding-left: 22px;
  cursor: pointer;
  font-size: 16px;
  -webkit-user-select: none;
  -moz-user-select: none;
  -ms-user-select: none;
  user-select: none;
  color: inherit;
}

.c1 {
  position: absolute;
  opacity: 0;
  cursor: pointer;
  height: 0;
  width: 0;
}

.c1:focus ~ .c2 {
  outline: none;
  box-shadow: 0 0 0 2px #B6E0FE;
}

.c1:checked ~ .c2 {
  background-color: #9AA5B1;
  border-color: #9AA5B1;
}

.c1:checked ~ .c2:after {
  display: block;
}

.c1:checked:disabled ~ .c2 {
  background-color: #E4E7EB;
  border-color: #E4E7EB;
}

<label
  class="c0"
  data-testid="label"
>
  checkbox label
  <input
    checked=""
    class="c1"
    type="checkbox"
  />
  <span
    class="c2 c3"
  />
</label>
`;
