// Jest Snapshot v1, https://goo.gl/fbAQLP

exports[`Dialog with two actions should render with no errors 1`] = `
.c7 {
  visibility: visible;
  display: -webkit-inline-box;
  display: -webkit-inline-flex;
  display: -ms-inline-flexbox;
  display: inline-flex;
  -webkit-align-items: center;
  -webkit-box-align: center;
  -ms-flex-align: center;
  align-items: center;
}

.c8 {
  white-space: nowrap;
  margin-left: auto;
  margin-right: auto;
  line-height: 24px;
}

.c6 {
  position: relative;
  height: 48px;
  color: #52616D;
  border-radius: 4px;
  border: none;
  border: 1px solid #C0C2C6;
  font-size: 18px;
  font-family: 'Source Sans Pro',Helvetica,Arial,sans-serif;
  padding: 10px 12px;
  cursor: pointer;
  display: -webkit-inline-box;
  display: -webkit-inline-flex;
  display: -ms-inline-flexbox;
  display: inline-flex;
  -webkit-align-items: center;
  -webkit-box-align: center;
  -ms-flex-align: center;
  align-items: center;
  -webkit-box-pack: center;
  -webkit-justify-content: center;
  -ms-flex-pack: center;
  justify-content: center;
  width: auto;
  background: linear-gradient(to bottom, #F5F7FA, #E4E7EB );
}

.c6::-webkit-input-placeholder {
  color: #9AA5B1;
}

.c6::-moz-placeholder {
  color: #9AA5B1;
}

.c6:-ms-input-placeholder {
  color: #9AA5B1;
}

.c6::placeholder {
  color: #9AA5B1;
}

.c6:hover {
  background: linear-gradient(to bottom, #E2E7EC, #D7DBE0 );
}

.c6:active {
  background: #CBD2D8;
}

.c6:disabled {
  background: #F5F7FA;
  cursor: not-allowed;
}

.c9 {
  position: relative;
  height: 48px;
  color: #FFF;
  border-radius: 4px;
  border: none;
  border: none;
  font-size: 18px;
  font-family: 'Source Sans Pro',Helvetica,Arial,sans-serif;
  padding: 10px 12px;
  cursor: pointer;
  display: -webkit-inline-box;
  display: -webkit-inline-flex;
  display: -ms-inline-flexbox;
  display: inline-flex;
  -webkit-align-items: center;
  -webkit-box-align: center;
  -ms-flex-align: center;
  align-items: center;
  -webkit-box-pack: center;
  -webkit-justify-content: center;
  -ms-flex-pack: center;
  justify-content: center;
  width: auto;
  background: linear-gradient(to bottom, #E12D39, #CF1124 );
}

.c9::-webkit-input-placeholder {
  color: #9AA5B1;
}

.c9::-moz-placeholder {
  color: #9AA5B1;
}

.c9:-ms-input-placeholder {
  color: #9AA5B1;
}

.c9::placeholder {
  color: #9AA5B1;
}

.c9:hover {
  background: linear-gradient(to bottom, #CF1124, #AB091E );
}

.c9:active {
  background: #AB091E;
}

.c9:disabled {
  background: #FFBCC2;
  cursor: not-allowed;
}

.c0 {
  position: absolute;
  top: 50%;
  left: 16px;
  right: 16px;
  bottom: auto;
  -webkit-transform: translate(0,-50%);
  -ms-transform: translate(0,-50%);
  transform: translate(0,-50%);
  background: #fff;
  overflow: auto;
  -webkit-overflow-scrolling: touch;
  outline: none;
  width: auto;
  min-width: 300px;
  box-shadow: rgba(0,0,0,0.15) 0 10px 20px,rgba(0,0,0,0.1) 0 3px 6px;
  border: none;
  border-radius: 16px;
  border-image: initial;
  z-index: 2718281;
}

.c2 {
  display: -webkit-box;
  display: -webkit-flex;
  display: -ms-flexbox;
  display: flex;
  -webkit-flex-direction: row;
  -ms-flex-direction: row;
  flex-direction: row;
  -webkit-box-pack: end;
  -webkit-justify-content: flex-end;
  -ms-flex-pack: end;
  justify-content: flex-end;
  height: 40px;
  padding: 16px 16px 0;
  color: #CBD2D8;
}

.c1 {
  width: auto;
  border-radius: 8px;
}

.c4 {
  font-size: 18px;
  color: #52616D;
  text-align: left;
}

.c5 {
  display: -webkit-box;
  display: -webkit-flex;
  display: -ms-flexbox;
  display: flex;
  -webkit-box-pack: end;
  -webkit-justify-content: flex-end;
  -ms-flex-pack: end;
  justify-content: flex-end;
  background: #F5F7FA;
  padding: 18px 24px;
  -webkit-box-pack: end;
  -webkit-justify-content: flex-end;
  -ms-flex-pack: end;
  justify-content: flex-end;
  background: #F5F7FA;
}

.c5 > * {
  margin-left: 16px;
}

.c3 {
  padding: 32px 32px 48px;
}

@media (min-width:450px) {
  .c0 {
    left: 40px;
    right: 40px;
  }
}

@media (min-width:720px) {
  .c0 {
    top: 50%;
    left: 50%;
    right: auto;
    bottom: auto;
    margin-right: -50%;
    width: 640px;
    -webkit-transform: translate(-50%,-50%);
    -ms-transform: translate(-50%,-50%);
    transform: translate(-50%,-50%);
  }
}

@media (min-width:450px) {
  .c1 {
    left: 60px;
    right: 60px;
  }
}

@media (min-width:720px) {
  .c1 {
    width: 500px;
    left: 50%;
    right: auto;
  }
}

<div
  aria-label="Example Dialog"
  class="ReactModal__Content ReactModal__Content--after-open c0 c1"
  role="dialog"
  tabindex="-1"
>
  <div
    class="c2"
  />
  <div
    class="sc-AxmLO c3"
  >
    <p
      class="c4"
    >
      Are you sure you want to delete?
    </p>
  </div>
  <div
    class="sc-fzoLsD c5"
    data-testid="dialog-footer"
  >
    <button
      class="c6"
      type="button"
    >
      <div
        class="c7"
      >
        <span
          class="c8"
        >
          Cancel
        </span>
      </div>
    </button>
    <button
      class="c9"
      type="button"
    >
      <div
        class="c7"
      >
        <span
          class="c8"
        >
          Delete
        </span>
      </div>
    </button>
  </div>
</div>
`;
